Loading TinyLlama/TinyLlama-1.1B-Chat-v1.0 on cuda...
Warning: You are sending unauthenticated requests to the HF Hub. Please set a HF_TOKEN to enable higher rate limits and faster downloads.
[transformers] `torch_dtype` is deprecated! Use `dtype` instead!
Loading weights:   0%|          | 0/201 [00:00<?, ?it/s]Loading weights:   0%|          | 1/201 [00:00<01:19,  2.51it/s]Loading weights:  11%|█         | 22/201 [00:00<00:03, 52.30it/s]Loading weights:  16%|█▌        | 32/201 [00:00<00:02, 60.95it/s]Loading weights:  24%|██▍       | 49/201 [00:00<00:01, 77.19it/s]Loading weights:  30%|██▉       | 60/201 [00:00<00:01, 84.20it/s]Loading weights:  37%|███▋      | 75/201 [00:01<00:01, 100.12it/s]Loading weights:  43%|████▎     | 87/201 [00:01<00:01, 90.54it/s] Loading weights:  51%|█████     | 103/201 [00:01<00:00, 99.28it/s]Loading weights:  57%|█████▋    | 114/201 [00:01<00:00, 97.41it/s]Loading weights:  63%|██████▎   | 127/201 [00:01<00:00, 105.04it/s]Loading weights:  69%|██████▉   | 139/201 [00:01<00:00, 100.44it/s]Loading weights:  75%|███████▍  | 150/201 [00:01<00:00, 91.98it/s] Loading weights:  80%|███████▉  | 160/201 [00:01<00:00, 82.43it/s]Loading weights:  87%|████████▋ | 174/201 [00:02<00:00, 95.88it/s]Loading weights:  92%|█████████▏| 185/201 [00:02<00:00, 85.08it/s]Loading weights: 100%|██████████| 201/201 [00:02<00:00, 86.40it/s]
Tokenizing dataset...
[transformers] Token indices sequence length is longer than the specified maximum sequence length for this model (35002 > 2048). Running this sequence through the model will result in indexing errors
Tokenization took 0.07s

==================================================
Testing Length: 128 | Seed: 42
==================================================

==================================================
Testing Length: 128 | Seed: 1337
==================================================

==================================================
Testing Length: 128 | Seed: 2026
==================================================
[Dense FP16 Baseline]
[transformers] Both `max_new_tokens` (=10) and `max_length`(=2048) seem to have been set. `max_new_tokens` will take precedence. Please refer to the documentation for more information. (https://huggingface.co/docs/transformers/main/en/main_classes/text_generation)
  PPL: 3.2022 | Mem: 2.75 MB | Prefill: 50.5 t/s

[AdapTQ 2-bit]
[transformers] Both `max_new_tokens` (=10) and `max_length`(=2048) seem to have been set. `max_new_tokens` will take precedence. Please refer to the documentation for more information. (https://huggingface.co/docs/transformers/main/en/main_classes/text_generation)
  PPL: 414.3217 (Diff: +411.1195) | Mem: 0.06 MB (4.17x) | Logit MSE: 6.4472e+00
  KV Metrics -> MSE: 3.2548e-01 | Cosine: 0.9435 | MaxErr: 4.36
  Speed -> Prefill: 309.8 t/s | Decode: 7.9 t/s

[AdapTQ 3-bit]
[transformers] Both `max_new_tokens` (=10) and `max_length`(=2048) seem to have been set. `max_new_tokens` will take precedence. Please refer to the documentation for more information. (https://huggingface.co/docs/transformers/main/en/main_classes/text_generation)
  PPL: 623.0736 (Diff: +619.8714) | Mem: 0.08 MB (3.31x) | Logit MSE: 6.5474e+00
  KV Metrics -> MSE: 9.2263e-02 | Cosine: 0.9837 | MaxErr: 2.37
  Speed -> Prefill: 861.9 t/s | Decode: 7.6 t/s

[AdapTQ 4-bit]
[transformers] Both `max_new_tokens` (=10) and `max_length`(=2048) seem to have been set. `max_new_tokens` will take precedence. Please refer to the documentation for more information. (https://huggingface.co/docs/transformers/main/en/main_classes/text_generation)
  PPL: 870.3103 (Diff: +867.1081) | Mem: 0.09 MB (2.74x) | Logit MSE: 6.5528e+00
  KV Metrics -> MSE: 2.4406e-02 | Cosine: 0.9955 | MaxErr: 1.48
  Speed -> Prefill: 909.9 t/s | Decode: 6.1 t/s

==================================================
Testing Length: 256 | Seed: 42
==================================================

==================================================
Testing Length: 256 | Seed: 1337
==================================================

==================================================
Testing Length: 256 | Seed: 2026
==================================================
[Dense FP16 Baseline]
[transformers] Both `max_new_tokens` (=10) and `max_length`(=2048) seem to have been set. `max_new_tokens` will take precedence. Please refer to the documentation for more information. (https://huggingface.co/docs/transformers/main/en/main_classes/text_generation)
  PPL: 1.5856 | Mem: 5.50 MB | Prefill: 2235.2 t/s

[AdapTQ 2-bit]
[transformers] Both `max_new_tokens` (=10) and `max_length`(=2048) seem to have been set. `max_new_tokens` will take precedence. Please refer to the documentation for more information. (https://huggingface.co/docs/transformers/main/en/main_classes/text_generation)
  PPL: 424.2883 (Diff: +422.7027) | Mem: 0.06 MB (4.17x) | Logit MSE: 7.0419e+00
  KV Metrics -> MSE: 3.3117e-01 | Cosine: 0.9435 | MaxErr: 4.91
  Speed -> Prefill: 1137.3 t/s | Decode: 7.1 t/s

[AdapTQ 3-bit]
[transformers] Both `max_new_tokens` (=10) and `max_length`(=2048) seem to have been set. `max_new_tokens` will take precedence. Please refer to the documentation for more information. (https://huggingface.co/docs/transformers/main/en/main_classes/text_generation)
  PPL: 819.4809 (Diff: +817.8953) | Mem: 0.08 MB (3.31x) | Logit MSE: 7.2121e+00
  KV Metrics -> MSE: 9.4195e-02 | Cosine: 0.9837 | MaxErr: 2.55
  Speed -> Prefill: 1482.3 t/s | Decode: 7.1 t/s

[AdapTQ 4-bit]
[transformers] Both `max_new_tokens` (=10) and `max_length`(=2048) seem to have been set. `max_new_tokens` will take precedence. Please refer to the documentation for more information. (https://huggingface.co/docs/transformers/main/en/main_classes/text_generation)
  PPL: 1015.4195 (Diff: +1013.8339) | Mem: 0.09 MB (2.74x) | Logit MSE: 7.2225e+00
  KV Metrics -> MSE: 2.4845e-02 | Cosine: 0.9955 | MaxErr: 1.48
  Speed -> Prefill: 1601.7 t/s | Decode: 6.9 t/s

==================================================
Testing Length: 512 | Seed: 42
==================================================

==================================================
Testing Length: 512 | Seed: 1337
==================================================

==================================================
Testing Length: 512 | Seed: 2026
==================================================
[Dense FP16 Baseline]
[transformers] Both `max_new_tokens` (=10) and `max_length`(=2048) seem to have been set. `max_new_tokens` will take precedence. Please refer to the documentation for more information. (https://huggingface.co/docs/transformers/main/en/main_classes/text_generation)
  PPL: 1.0213 | Mem: 11.00 MB | Prefill: 2449.4 t/s

[AdapTQ 2-bit]
[transformers] Both `max_new_tokens` (=10) and `max_length`(=2048) seem to have been set. `max_new_tokens` will take precedence. Please refer to the documentation for more information. (https://huggingface.co/docs/transformers/main/en/main_classes/text_generation)
  PPL: 289.5274 (Diff: +288.5061) | Mem: 0.06 MB (4.17x) | Logit MSE: 6.8687e+00
  KV Metrics -> MSE: 3.4178e-01 | Cosine: 0.9432 | MaxErr: 4.91
  Speed -> Prefill: 1665.5 t/s | Decode: 4.9 t/s

[AdapTQ 3-bit]
[transformers] Both `max_new_tokens` (=10) and `max_length`(=2048) seem to have been set. `max_new_tokens` will take precedence. Please refer to the documentation for more information. (https://huggingface.co/docs/transformers/main/en/main_classes/text_generation)
  PPL: 590.1771 (Diff: +589.1557) | Mem: 0.08 MB (3.31x) | Logit MSE: 7.1414e+00
  KV Metrics -> MSE: 9.7319e-02 | Cosine: 0.9837 | MaxErr: 2.78
  Speed -> Prefill: 1642.1 t/s | Decode: 5.7 t/s

[AdapTQ 4-bit]
[transformers] Both `max_new_tokens` (=10) and `max_length`(=2048) seem to have been set. `max_new_tokens` will take precedence. Please refer to the documentation for more information. (https://huggingface.co/docs/transformers/main/en/main_classes/text_generation)
  PPL: 727.3806 (Diff: +726.3593) | Mem: 0.09 MB (2.74x) | Logit MSE: 7.1345e+00
  KV Metrics -> MSE: 2.6064e-02 | Cosine: 0.9955 | MaxErr: 1.48
  Speed -> Prefill: 1654.3 t/s | Decode: 5.6 t/s

==================================================
Testing Length: 1024 | Seed: 42
==================================================

==================================================
Testing Length: 1024 | Seed: 1337
==================================================

==================================================
Testing Length: 1024 | Seed: 2026
==================================================
[Dense FP16 Baseline]
[transformers] Both `max_new_tokens` (=10) and `max_length`(=2048) seem to have been set. `max_new_tokens` will take precedence. Please refer to the documentation for more information. (https://huggingface.co/docs/transformers/main/en/main_classes/text_generation)
  PPL: 1.0006 | Mem: 22.00 MB | Prefill: 2131.3 t/s

[AdapTQ 2-bit]
[transformers] Both `max_new_tokens` (=10) and `max_length`(=2048) seem to have been set. `max_new_tokens` will take precedence. Please refer to the documentation for more information. (https://huggingface.co/docs/transformers/main/en/main_classes/text_generation)
  PPL: 134.6991 (Diff: +133.6985) | Mem: 0.06 MB (4.17x) | Logit MSE: 7.3193e+00
  KV Metrics -> MSE: 3.5302e-01 | Cosine: 0.9429 | MaxErr: 5.24
  Speed -> Prefill: 1703.4 t/s | Decode: 4.4 t/s

[AdapTQ 3-bit]
[transformers] Both `max_new_tokens` (=10) and `max_length`(=2048) seem to have been set. `max_new_tokens` will take precedence. Please refer to the documentation for more information. (https://huggingface.co/docs/transformers/main/en/main_classes/text_generation)
  PPL: 312.8003 (Diff: +311.7997) | Mem: 0.08 MB (3.31x) | Logit MSE: 7.5846e+00
  KV Metrics -> MSE: 1.0204e-01 | Cosine: 0.9836 | MaxErr: 2.73
  Speed -> Prefill: 1642.9 t/s | Decode: 4.5 t/s

[AdapTQ 4-bit]
[transformers] Both `max_new_tokens` (=10) and `max_length`(=2048) seem to have been set. `max_new_tokens` will take precedence. Please refer to the documentation for more information. (https://huggingface.co/docs/transformers/main/en/main_classes/text_generation)
  PPL: 404.6258 (Diff: +403.6251) | Mem: 0.09 MB (2.74x) | Logit MSE: 7.6067e+00
  KV Metrics -> MSE: 2.7807e-02 | Cosine: 0.9954 | MaxErr: 1.55
  Speed -> Prefill: 1681.5 t/s | Decode: 4.3 t/s

==================================================
Testing Length: 2048 | Seed: 42
==================================================

==================================================
Testing Length: 2048 | Seed: 1337
==================================================

==================================================
Testing Length: 2048 | Seed: 2026
==================================================
[Dense FP16 Baseline]
[transformers] Both `max_new_tokens` (=10) and `max_length`(=2048) seem to have been set. `max_new_tokens` will take precedence. Please refer to the documentation for more information. (https://huggingface.co/docs/transformers/main/en/main_classes/text_generation)
[transformers] This is a friendly reminder - the current text generation call has exceeded the model's predefined maximum length (2048). Depending on the model, you may observe exceptions, performance degradation, or nothing at all.
  PPL: 1.0027 | Mem: 44.00 MB | Prefill: 1470.1 t/s

[AdapTQ 2-bit]
[transformers] Both `max_new_tokens` (=10) and `max_length`(=2048) seem to have been set. `max_new_tokens` will take precedence. Please refer to the documentation for more information. (https://huggingface.co/docs/transformers/main/en/main_classes/text_generation)
  PPL: 143.2070 (Diff: +142.2043) | Mem: 0.06 MB (4.17x) | Logit MSE: 6.6336e+00
  KV Metrics -> MSE: 3.5572e-01 | Cosine: 0.9428 | MaxErr: 5.82
  Speed -> Prefill: 1390.4 t/s | Decode: 0.6 t/s

[AdapTQ 3-bit]
[transformers] Both `max_new_tokens` (=10) and `max_length`(=2048) seem to have been set. `max_new_tokens` will take precedence. Please refer to the documentation for more information. (https://huggingface.co/docs/transformers/main/en/main_classes/text_generation)
  PPL: 352.6515 (Diff: +351.6488) | Mem: 0.08 MB (3.31x) | Logit MSE: 6.7355e+00
  KV Metrics -> MSE: 1.0434e-01 | Cosine: 0.9836 | MaxErr: 2.95
  Speed -> Prefill: 1311.3 t/s | Decode: 1.0 t/s

[AdapTQ 4-bit]
[transformers] Both `max_new_tokens` (=10) and `max_length`(=2048) seem to have been set. `max_new_tokens` will take precedence. Please refer to the documentation for more information. (https://huggingface.co/docs/transformers/main/en/main_classes/text_generation)
